env\Scripts\python.exe games/0_0_lines_v11/run.py
Thread 0 finished with 2244.839 RTP. [baseGame: 14.067, freeGame: 2230.772]
Thread 2 finished with 2249.806 RTP. [baseGame: 11.079, freeGame: 2238.727]
Thread 1 finished with 2326.048 RTP. [baseGame: 10.752, freeGame: 2315.296]
Thread 5 finished with 2345.384 RTP. [baseGame: 15.251, freeGame: 2330.133]
Thread 7 finished with 2201.52 RTP. [baseGame: 10.74, freeGame: 2190.78]
Thread 9 finished with 2131.077 RTP. [baseGame: 10.5, freeGame: 2120.577]
Thread 3 finished with 2463.152 RTP. [baseGame: 13.065, freeGame: 2450.086]
Thread 8 finished with 2309.376 RTP. [baseGame: 11.117, freeGame: 2298.259]
Thread 10 finished with 2407.822 RTP. [baseGame: 11.092, freeGame: 2396.73]
Thread 4 finished with 2171.852 RTP. [baseGame: 9.507, freeGame: 2162.345]
Thread 6 finished with 2329.002 RTP. [baseGame: 10.683, freeGame: 2318.319]
Thread 12 finished with 2396.224 RTP. [baseGame: 9.076, freeGame: 2387.147]
Thread 11 finished with 2298.659 RTP. [baseGame: 15.442, freeGame: 2283.217]
Thread 13 finished with 2198.0 RTP. [baseGame: 11.397, freeGame: 2186.602]
Thread 14 finished with 2316.739 RTP. [baseGame: 12.355, freeGame: 2304.384]
Thread 15 finished with 2447.551 RTP. [baseGame: 12.213, freeGame: 2435.338]
